<html>
<body>
<pre>
<h1>µVision Build Log</h1>
<h2>Tool Versions:</h2>
IDE-Version: ¦ÌVision V5.24.2.0
Copyright (C) 2017 ARM Ltd and ARM Germany GmbH. All rights reserved.
License Information: a Ð¤öÎ»Ô, a, LIC=WHYH9-4FFB1-127LE-5J8NN-TQ560-GT0N7
 
Tool Versions:
Toolchain:       MDK-ARM Plus  Version: 5.24.1
Toolchain Path:  D:\keil5\ARM\ARMCC\Bin
C Compiler:      Armcc.exe V5.06 update 5 (build 528)
Assembler:       Armasm.exe V5.06 update 5 (build 528)
Linker/Locator:  ArmLink.exe V5.06 update 5 (build 528)
Library Manager: ArmAr.exe V5.06 update 5 (build 528)
Hex Converter:   FromElf.exe V5.06 update 5 (build 528)
CPU DLL:         SARMCM3.DLL V5.24.1
Dialog DLL:      DCM.DLL V1.16.0.0
Target DLL:      STLink\ST-LINKIII-KEIL_SWO.dll V3.0.1.0
Dialog DLL:      TCM.DLL V1.32.0.0
 
<h2>Project:</h2>
C:\Users\Ð¤öÎ»Ô\Desktop\7.1¡¢STM32F103C8T6Ó¦ÓÃ³ÌÐò\USER\BKM-LD3320.uvprojx
Project File Date:  02/06/2024

<h2>Output:</h2>
*** Using Compiler 'V5.06 update 5 (build 528)', folder: 'D:\keil5\ARM\ARMCC\Bin'
Build target 'Template'
compiling main.c...
..\HARDWARE\LD3320\screen.h(17): warning:  #1-D: last line of file ends without a newline
  #endif
..\HARDWARE\LD3320\foot.h(16): warning:  #1-D: last line of file ends without a newline
  #endif
main.c(47): warning:  #223-D: function "pwm_init" declared implicitly
  	pwm_init();
main.c: 3 warnings, 0 errors
linking...
Program Size: Code=7612 RO-data=3644 RW-data=56 ZI-data=1224  
FromELF: creating hex file...
"..\OBJ\BKM32.axf" - 0 Error(s), 3 Warning(s).

<h2>Software Packages used:</h2>

Package Vendor: Keil
                http://www.keil.com/pack/Keil.STM32F1xx_DFP.2.2.0.pack
                Keil.STM32F1xx_DFP.2.2.0
                STMicroelectronics STM32F1 Series Device Support, Drivers and Examples

<h2>Collection of Component include folders:</h2>
  .\RTE\_Template
  D:\keil5\ARM\PACK\Keil\STM32F1xx_DFP\2.2.0\Device\Include

<h2>Collection of Component Files used:</h2>
Build Time Elapsed:  00:00:01
</pre>
</body>
</html>
